// Vitest Snapshot v1, https://vitest.dev/guide/snapshot.html

exports[`App Component > renders correctly (snapshot) 1`] = `
<div>
  <div
    class="Page"
  >
    <div
      class="overlay"
    >
      <div
        class="card"
      >
        <h1
          class="header"
        >
          How to use MoneyMate
        </h1>
        <div
          class="content"
        >
          <img
            alt="Dog 1"
            class="images"
            src="/src/assets/dog1.jpg"
          />
          <div
            class="arrows"
          >
            <button
              class="left-button"
            />
            <h2
              class="pagetext"
            >
               page 
              1
               
            </h2>
            <button
              class="right-button"
            />
          </div>
        </div>
        <button
          class="closebutton"
        >
          Close tutorial
        </button>
      </div>
    </div>
    <div
      class="navbarbox"
    >
      <button
        class="logobutton"
      >
        <h1
          class="logo"
        >
          CUM
        </h1>
      </button>
      <div
        class="menubox"
      >
        <button
          class="navbox"
        >
          <h1
            class="navtext underline"
          >
            Homepage
          </h1>
        </button>
        <button
          class="navbox"
        >
          <h1
            class="navtext "
          >
            Favorites
          </h1>
        </button>
        <button
          class="navbox"
        >
          <h1
            class="navtext "
          >
            Settings
          </h1>
        </button>
      </div>
    </div>
    <div
      class="Text"
    >
      <h1
        class="HomePageTitle"
      >
         Welcome to CountryMate! 
      </h1>
      <h3
        class="HomePageDescription"
      >
         Start by selecting a continent 
      </h3>
      <button
        class="showtutorial"
      >
        Show tutorial again
         
      </button>
    </div>
    <div
      class="ContinentCards"
    >
      <div
        class="ContinentCard"
      >
        <h1
          class="ContinentHeading"
        >
          North America
        </h1>
        <img
          alt="Continent"
          class="ContinentPicture"
          src="/src/assets/north-america1.png"
        />
      </div>
      <div
        class="ContinentCard"
      >
        <h1
          class="ContinentHeading"
        >
          South America
        </h1>
        <img
          alt="Continent"
          class="ContinentPicture"
          src="/src/assets/south-america1.png"
        />
      </div>
      <div
        class="ContinentCard"
      >
        <h1
          class="ContinentHeading"
        >
          Africa
        </h1>
        <img
          alt="Continent"
          class="ContinentPicture"
          src="/src/assets/africa1.png"
        />
      </div>
      <div
        class="ContinentCard"
      >
        <h1
          class="ContinentHeading"
        >
          Europe
        </h1>
        <img
          alt="Continent"
          class="ContinentPicture"
          src="/src/assets/europe1.png"
        />
      </div>
      <div
        class="ContinentCard"
      >
        <h1
          class="ContinentHeading"
        >
          Asia
        </h1>
        <img
          alt="Continent"
          class="ContinentPicture"
          src="/src/assets/asia1.png"
        />
      </div>
      <div
        class="ContinentCard"
      >
        <h1
          class="ContinentHeading"
        >
          Oceania
        </h1>
        <img
          alt="Continent"
          class="ContinentPicture"
          src="/src/assets/australia1.png"
        />
      </div>
    </div>
  </div>
</div>
`;

exports[`App Component > renders correctly and matches snapshot 1`] = `
<div>
  <div
    class="Page"
  >
    <div
      class="overlay"
    >
      <div
        class="card"
      >
        <h1
          class="header"
        >
          How to use MoneyMate
        </h1>
        <div
          class="content"
        >
          <img
            alt="Dog 1"
            class="images"
            src="/src/assets/dog1.jpg"
          />
          <div
            class="arrows"
          >
            <button
              class="left-button"
            />
            <h2
              class="pagetext"
            >
               page 
              1
               
            </h2>
            <button
              class="right-button"
            />
          </div>
        </div>
        <button
          class="closebutton"
        >
          Close tutorial
        </button>
      </div>
    </div>
    <div
      class="navbarbox"
    >
      <button
        class="logobutton"
      >
        <h1
          class="logo"
        >
          CUM
        </h1>
      </button>
      <div
        class="menubox"
      >
        <button
          class="navbox"
        >
          <h1
            class="navtext underline"
          >
            Homepage
          </h1>
        </button>
        <button
          class="navbox"
        >
          <h1
            class="navtext "
          >
            Favorites
          </h1>
        </button>
        <button
          class="navbox"
        >
          <h1
            class="navtext "
          >
            Settings
          </h1>
        </button>
      </div>
    </div>
    <div
      class="Text"
    >
      <h1
        class="HomePageTitle"
      >
         Welcome to CountryMate! 
      </h1>
      <h3
        class="HomePageDescription"
      >
         Start by selecting a continent 
      </h3>
      <button
        class="showtutorial"
      >
        Show tutorial again
         
      </button>
    </div>
    <div
      class="ContinentCards"
    >
      <div
        class="ContinentCard"
      >
        <h1
          class="ContinentHeading"
        >
          North America
        </h1>
        <img
          alt="Continent"
          class="ContinentPicture"
          src="/src/assets/north-america1.png"
        />
      </div>
      <div
        class="ContinentCard"
      >
        <h1
          class="ContinentHeading"
        >
          South America
        </h1>
        <img
          alt="Continent"
          class="ContinentPicture"
          src="/src/assets/south-america1.png"
        />
      </div>
      <div
        class="ContinentCard"
      >
        <h1
          class="ContinentHeading"
        >
          Africa
        </h1>
        <img
          alt="Continent"
          class="ContinentPicture"
          src="/src/assets/africa1.png"
        />
      </div>
      <div
        class="ContinentCard"
      >
        <h1
          class="ContinentHeading"
        >
          Europe
        </h1>
        <img
          alt="Continent"
          class="ContinentPicture"
          src="/src/assets/europe1.png"
        />
      </div>
      <div
        class="ContinentCard"
      >
        <h1
          class="ContinentHeading"
        >
          Asia
        </h1>
        <img
          alt="Continent"
          class="ContinentPicture"
          src="/src/assets/asia1.png"
        />
      </div>
      <div
        class="ContinentCard"
      >
        <h1
          class="ContinentHeading"
        >
          Oceania
        </h1>
        <img
          alt="Continent"
          class="ContinentPicture"
          src="/src/assets/australia1.png"
        />
      </div>
    </div>
  </div>
</div>
`;
